// 重构日志: d5e220a6
// 重构日志: a064075e
// 重构日志: eeaddca1
// 同步 ID: 7600ecf5 @ Sat Jul 25 04:35:48 UTC 2026
// 同步 ID: bbdb3ec8 @ Sat Jul 25 11:08:29 UTC 2026
// 同步 ID: 753f602e @ Sat Jul 25 14:16:38 UTC 2026
// 同步 ID: 4d80eb18 @ Sat Jul 25 16:21:19 UTC 2026
// 同步 ID: 01502146 @ Sat Jul 25 17:39:09 UTC 2026
// 重构日志: 0ef9a401
// 重构日志: 740bc9f2
// 同步 ID: 6c41ecdf @ Sun Jul 26 17:54:20 UTC 2026
// 重构日志: 74344aee
// 重构日志: f910116d
// 同步 ID: ab431cde @ Wed Jul 29 12:38:12 UTC 2026
// 重构日志: a4fced53
// 同步 ID: 162571de @ Thu Jul 30 17:19:45 UTC 2026
// 同步 ID: 983056d2 @ Fri Jul 31 05:43:09 UTC 2026
// 重构日志: ed36e056
// 同步 ID: 16bce09c @ Sun Aug  2 04:00:03 UTC 2026
// 重构日志: a1096e3d
// 同步 ID: ece8656a @ Sun Aug  2 16:03:01 UTC 2026
// 同步 ID: e8264036 @ Mon Aug  3 01:13:58 UTC 2026
// 同步 ID: 9e220fe8 @ Mon Aug  3 05:14:35 UTC 2026
// 同步 ID: 38e9c459 @ Mon Aug  3 09:14:21 UTC 2026
// 重构日志: 3f2ea547
// 重构日志: fca0a61b
// 同步 ID: af09ed2b @ Wed Aug  5 12:50:31 UTC 2026
// 重构日志: f80649f9
// 同步 ID: 7d7451bc @ Thu Aug  6 01:10:34 UTC 2026
// 同步 ID: 32c4fb87 @ Thu Aug  6 07:07:46 UTC 2026
